// Vitest Snapshot v1, https://vitest.dev/guide/snapshot.html

exports[`Update PEP 440 Python dependencies > finds dependencies 1`] = `
{
  "datasourceTemplate": "pypi",
  "deps": [
    {
      "currentValue": "==21.9.1",
      "datasource": "pypi",
      "depName": "flake8-bugbear",
      "replaceString": ""flake8-bugbear==21.9.1"  # renovate: pep440-python-dependency
",
    },
    {
      "currentValue": "==0.14.1",
      "datasource": "pypi",
      "depName": "flake8-simplify",
      "replaceString": ""flake8-simplify==0.14.1" # renovate: pep440-python-dependency
",
    },
  ],
  "matchStrings": [
    ""(?<depName>[\\w-]+)(?<currentValue>.+?)",? +# renovate: pep440-python-dependency\\s",
  ],
}
`;
